
//===--- ------ Generated IR ------ ---====

module {
  llvm.func @axpy(%arg0: f32, %arg1: !llvm.ptr, %arg2: !llvm.ptr, %arg3: !llvm.ptr, %arg4: i32) {
    %c0_i32 = arith.constant 0 : i32
    %c1_i32 = arith.constant 1 : i32
    scf.for %arg5 = %c0_i32 to %arg4 step %c1_i32  : i32 {
      %0 = llvm.getelementptr %arg1[%arg5] : (!llvm.ptr, i32) -> !llvm.ptr, f32
      %1 = llvm.load %0 {alignment = 4 : i64} : !llvm.ptr -> f32
      %2 = arith.mulf %arg0, %1 : f32
      %3 = llvm.getelementptr %arg2[%arg5] : (!llvm.ptr, i32) -> !llvm.ptr, f32
      %4 = llvm.load %3 {alignment = 4 : i64} : !llvm.ptr -> f32
      %5 = arith.addf %2, %4 : f32
      %6 = llvm.getelementptr %arg3[%arg5] : (!llvm.ptr, i32) -> !llvm.ptr, f32
      llvm.store %5, %6 {alignment = 4 : i64} : f32, !llvm.ptr
    }
    llvm.return
  }
}

//===--- --- End of Generated IR -- ---====

MATCH: False 0.0 0.0
