
//===--- ------ Generated IR ------ ---====

module {
  llvm.func @affine_3_4(%arg0: i32) -> i32 {
    %c3_i32 = arith.constant 3 : i32
    %0 = arith.muli %arg0, %c3_i32 : i32
    %c4_i32 = arith.constant 4 : i32
    %1 = arith.addi %0, %c4_i32 : i32
    llvm.return %1 : i32
  }
}

//===--- --- End of Generated IR -- ---====

AFFINE: 25

//===--- ------ Generated IR ------ ---====

module {
  llvm.func @pipeline_shift___main__AddN_object_at_scale___main__MulN_object_at_(%arg0: i32) -> i32 {
    %c2_i32 = arith.constant 2 : i32
    %0 = arith.addi %arg0, %c2_i32 : i32
    %c3_i32 = arith.constant 3 : i32
    %1 = arith.muli %0, %c3_i32 : i32
    llvm.return %1 : i32
  }
}

//===--- --- End of Generated IR -- ---====

POLYMORPHIC: 18

//===--- ------ Generated IR ------ ---====

module {
  llvm.func @fused_shift___main__AddN_object_at_scale___main__MulN_object_at_(%arg0: !llvm.ptr) {
    %c0_i32 = arith.constant 0 : i32
    %c4_i32 = arith.constant 4 : i32
    %c1_i32 = arith.constant 1 : i32
    scf.for %arg1 = %c0_i32 to %c4_i32 step %c1_i32  : i32 {
      %0 = llvm.getelementptr %arg0[%arg1] : (!llvm.ptr, i32) -> !llvm.ptr, f32
      %1 = llvm.load %0 {alignment = 4 : i64} : !llvm.ptr -> f32
      %cst = arith.constant 2.000000e+00 : f32
      %2 = arith.addf %1, %cst : f32
      %cst_0 = arith.constant 3.000000e+00 : f32
      %3 = arith.mulf %2, %cst_0 : f32
      %4 = llvm.getelementptr %arg0[%arg1] : (!llvm.ptr, i32) -> !llvm.ptr, f32
      llvm.store %3, %4 {alignment = 4 : i64} : f32, !llvm.ptr
    }
    llvm.return
  }
}

//===--- --- End of Generated IR -- ---====

FUSED: [ 6.  9. 12. 15.]

//===--- ------ Generated IR ------ ---====

module {
  llvm.func @affine_3_4(%arg0: i32) -> i32 {
    %c3_i32 = arith.constant 3 : i32
    %0 = arith.muli %arg0, %c3_i32 : i32
    %c4_i32 = arith.constant 4 : i32
    %1 = arith.addi %0, %c4_i32 : i32
    llvm.return %1 : i32
  }
}

//===--- --- End of Generated IR -- ---====

COMPILED: 31
